error: abort! 3+ args test

  hint: help message test

 --> $DIR/abort.rs:4:10
  |
4 | make_fn!(abort);
  |          ^^^^^
